
Merging program properties

Removed property 0xc0000002 to merge build/main.o (0x3) and build/kernel.o (not found)
Removed property 0xc0000002 to merge build/main.o (not found) and build/debug.o (0x3)
Removed property 0xc0000002 to merge build/main.o (not found) and build/memory.o (0x3)
Removed property 0xc0000002 to merge build/main.o (not found) and build/bitmap.o (0x3)
Removed property 0xc0000002 to merge build/main.o (not found) and build/string.o (0x3)
Removed property 0xc0000002 to merge build/main.o (not found) and build/thread.o (0x3)
Removed property 0xc0000002 to merge build/main.o (not found) and build/list.o (0x3)
Removed property 0xc0000002 to merge build/main.o (not found) and build/console.o (0x3)
Removed property 0xc0000002 to merge build/main.o (not found) and build/sync.o (0x3)
Removed property 0xc0000002 to merge build/main.o (not found) and build/keyboard.o (0x3)
Removed property 0xc0000002 to merge build/main.o (not found) and build/ioqueue.o (0x3)
Removed property 0xc0000002 to merge build/main.o (not found) and build/tss.o (0x3)
Removed property 0xc0000002 to merge build/main.o (not found) and build/process.o (0x3)
Removed property 0xc0000002 to merge build/main.o (not found) and build/syscall_user.o (0x3)
Removed property 0xc0000002 to merge build/main.o (not found) and build/syscall.o (0x3)
Removed property 0xc0000002 to merge build/main.o (not found) and build/stdio.o (0x3)

Allocating common symbols
Common symbol       size              file

prog_a_pid          0x4               build/main.o
prog_b_pid          0x4               build/main.o
kbd_buf             0x6c              build/keyboard.o
thread_ready_list   0x10              build/thread.o
desc_array          0xa8              build/main.o
thread_all_list     0x10              build/thread.o
user_pool           0x2c              build/memory.o
intr_name           0x204             build/interrupt.o
main_thread         0x4               build/thread.o
ticks               0x4               build/timer.o
kernel_vaddr        0xc               build/memory.o
syscall_table       0x80              build/init.o
idt_table           0x204             build/interrupt.o
kernel_pool         0x2c              build/memory.o
pid_lock            0x1c              build/main.o

Discarded input sections

 .group         0x0000000000000000        0x8 build/main.o
 .note.GNU-stack
                0x0000000000000000        0x0 build/main.o
 .note.gnu.property
                0x0000000000000000       0x1c build/main.o
 .group         0x0000000000000000        0x8 build/init.o
 .text.__x86.get_pc_thunk.bx
                0x0000000000000000        0x4 build/init.o
 .note.GNU-stack
                0x0000000000000000        0x0 build/init.o
 .note.gnu.property
                0x0000000000000000       0x1c build/init.o
 .group         0x0000000000000000        0x8 build/interrupt.o
 .group         0x0000000000000000        0x8 build/interrupt.o
 .text.__x86.get_pc_thunk.bx
                0x0000000000000000        0x4 build/interrupt.o
 .note.GNU-stack
                0x0000000000000000        0x0 build/interrupt.o
 .note.gnu.property
                0x0000000000000000       0x1c build/interrupt.o
 .group         0x0000000000000000        0x8 build/timer.o
 .group         0x0000000000000000        0x8 build/timer.o
 .text.__x86.get_pc_thunk.ax
                0x0000000000000000        0x4 build/timer.o
 .text.__x86.get_pc_thunk.bx
                0x0000000000000000        0x4 build/timer.o
 .note.GNU-stack
                0x0000000000000000        0x0 build/timer.o
 .note.gnu.property
                0x0000000000000000       0x1c build/timer.o
 .group         0x0000000000000000        0x8 build/debug.o
 .text.__x86.get_pc_thunk.bx
                0x0000000000000000        0x4 build/debug.o
 .note.GNU-stack
                0x0000000000000000        0x0 build/debug.o
 .note.gnu.property
                0x0000000000000000       0x1c build/debug.o
 .group         0x0000000000000000        0x8 build/memory.o
 .group         0x0000000000000000        0x8 build/memory.o
 .text.__x86.get_pc_thunk.ax
                0x0000000000000000        0x4 build/memory.o
 .text.__x86.get_pc_thunk.bx
                0x0000000000000000        0x4 build/memory.o
 .note.GNU-stack
                0x0000000000000000        0x0 build/memory.o
 .note.gnu.property
                0x0000000000000000       0x1c build/memory.o
 .group         0x0000000000000000        0x8 build/bitmap.o
 .text.__x86.get_pc_thunk.ax
                0x0000000000000000        0x4 build/bitmap.o
 .note.GNU-stack
                0x0000000000000000        0x0 build/bitmap.o
 .note.gnu.property
                0x0000000000000000       0x1c build/bitmap.o
 .group         0x0000000000000000        0x8 build/string.o
 .text.__x86.get_pc_thunk.ax
                0x0000000000000000        0x4 build/string.o
 .note.GNU-stack
                0x0000000000000000        0x0 build/string.o
 .note.gnu.property
                0x0000000000000000       0x1c build/string.o
 .group         0x0000000000000000        0x8 build/thread.o
 .group         0x0000000000000000        0x8 build/thread.o
 .group         0x0000000000000000        0x8 build/thread.o
 .text.__x86.get_pc_thunk.ax
                0x0000000000000000        0x4 build/thread.o
 .text.__x86.get_pc_thunk.bx
                0x0000000000000000        0x4 build/thread.o
 .note.GNU-stack
                0x0000000000000000        0x0 build/thread.o
 .note.gnu.property
                0x0000000000000000       0x1c build/thread.o
 .group         0x0000000000000000        0x8 build/list.o
 .group         0x0000000000000000        0x8 build/list.o
 .text.__x86.get_pc_thunk.ax
                0x0000000000000000        0x4 build/list.o
 .text.__x86.get_pc_thunk.bx
                0x0000000000000000        0x4 build/list.o
 .note.GNU-stack
                0x0000000000000000        0x0 build/list.o
 .note.gnu.property
                0x0000000000000000       0x1c build/list.o
 .group         0x0000000000000000        0x8 build/console.o
 .group         0x0000000000000000        0x8 build/console.o
 .text.__x86.get_pc_thunk.ax
                0x0000000000000000        0x4 build/console.o
 .text.__x86.get_pc_thunk.bx
                0x0000000000000000        0x4 build/console.o
 .note.GNU-stack
                0x0000000000000000        0x0 build/console.o
 .note.gnu.property
                0x0000000000000000       0x1c build/console.o
 .group         0x0000000000000000        0x8 build/sync.o
 .group         0x0000000000000000        0x8 build/sync.o
 .text.__x86.get_pc_thunk.ax
                0x0000000000000000        0x4 build/sync.o
 .text.__x86.get_pc_thunk.bx
                0x0000000000000000        0x4 build/sync.o
 .note.GNU-stack
                0x0000000000000000        0x0 build/sync.o
 .note.gnu.property
                0x0000000000000000       0x1c build/sync.o
 .group         0x0000000000000000        0x8 build/keyboard.o
 .group         0x0000000000000000        0x8 build/keyboard.o
 .text.__x86.get_pc_thunk.ax
                0x0000000000000000        0x4 build/keyboard.o
 .text.__x86.get_pc_thunk.bx
                0x0000000000000000        0x4 build/keyboard.o
 .note.GNU-stack
                0x0000000000000000        0x0 build/keyboard.o
 .note.gnu.property
                0x0000000000000000       0x1c build/keyboard.o
 .group         0x0000000000000000        0x8 build/ioqueue.o
 .group         0x0000000000000000        0x8 build/ioqueue.o
 .text.__x86.get_pc_thunk.ax
                0x0000000000000000        0x4 build/ioqueue.o
 .text.__x86.get_pc_thunk.bx
                0x0000000000000000        0x4 build/ioqueue.o
 .note.GNU-stack
                0x0000000000000000        0x0 build/ioqueue.o
 .note.gnu.property
                0x0000000000000000       0x1c build/ioqueue.o
 .group         0x0000000000000000        0x8 build/tss.o
 .group         0x0000000000000000        0x8 build/tss.o
 .text.__x86.get_pc_thunk.ax
                0x0000000000000000        0x4 build/tss.o
 .text.__x86.get_pc_thunk.bx
                0x0000000000000000        0x4 build/tss.o
 .note.GNU-stack
                0x0000000000000000        0x0 build/tss.o
 .note.gnu.property
                0x0000000000000000       0x1c build/tss.o
 .group         0x0000000000000000        0x8 build/process.o
 .group         0x0000000000000000        0x8 build/process.o
 .text.__x86.get_pc_thunk.ax
                0x0000000000000000        0x4 build/process.o
 .text.__x86.get_pc_thunk.bx
                0x0000000000000000        0x4 build/process.o
 .note.GNU-stack
                0x0000000000000000        0x0 build/process.o
 .note.gnu.property
                0x0000000000000000       0x1c build/process.o
 .group         0x0000000000000000        0x8 build/syscall_user.o
 .text.__x86.get_pc_thunk.ax
                0x0000000000000000        0x4 build/syscall_user.o
 .note.GNU-stack
                0x0000000000000000        0x0 build/syscall_user.o
 .note.gnu.property
                0x0000000000000000       0x1c build/syscall_user.o
 .group         0x0000000000000000        0x8 build/syscall.o
 .text.__x86.get_pc_thunk.ax
                0x0000000000000000        0x4 build/syscall.o
 .note.GNU-stack
                0x0000000000000000        0x0 build/syscall.o
 .note.gnu.property
                0x0000000000000000       0x1c build/syscall.o
 .group         0x0000000000000000        0x8 build/stdio.o
 .group         0x0000000000000000        0x8 build/stdio.o
 .text.__x86.get_pc_thunk.ax
                0x0000000000000000        0x4 build/stdio.o
 .text.__x86.get_pc_thunk.bx
                0x0000000000000000        0x4 build/stdio.o
 .note.GNU-stack
                0x0000000000000000        0x0 build/stdio.o
 .note.gnu.property
                0x0000000000000000       0x1c build/stdio.o

Memory Configuration

Name             Origin             Length             Attributes
*default*        0x0000000000000000 0xffffffffffffffff

Linker script and memory map

Address of section .text set to 0xc0001500
LOAD build/main.o
LOAD build/init.o
LOAD build/interrupt.o
LOAD build/timer.o
LOAD build/kernel.o
LOAD build/print.o
LOAD build/debug.o
LOAD build/memory.o
LOAD build/bitmap.o
LOAD build/string.o
LOAD build/thread.o
LOAD build/list.o
LOAD build/switch.o
LOAD build/console.o
LOAD build/sync.o
LOAD build/keyboard.o
LOAD build/ioqueue.o
LOAD build/tss.o
LOAD build/process.o
LOAD build/syscall_user.o
LOAD build/syscall.o
LOAD build/stdio.o
                [!provide]                        PROVIDE (__executable_start = SEGMENT_START ("text-segment", 0x8048000))
                0x00000000080480d4                . = (SEGMENT_START ("text-segment", 0x8048000) + SIZEOF_HEADERS)

.interp
 *(.interp)

.note.gnu.build-id
 *(.note.gnu.build-id)

.hash
 *(.hash)

.gnu.hash
 *(.gnu.hash)

.dynsym
 *(.dynsym)

.dynstr
 *(.dynstr)

.gnu.version
 *(.gnu.version)

.gnu.version_d
 *(.gnu.version_d)

.gnu.version_r
 *(.gnu.version_r)

.rel.dyn        0x00000000080480d4        0x0
 *(.rel.init)
 *(.rel.text .rel.text.* .rel.gnu.linkonce.t.*)
 .rel.text      0x00000000080480d4        0x0 build/main.o
 *(.rel.fini)
 *(.rel.rodata .rel.rodata.* .rel.gnu.linkonce.r.*)
 *(.rel.data.rel.ro .rel.data.rel.ro.* .rel.gnu.linkonce.d.rel.ro.*)
 *(.rel.data .rel.data.* .rel.gnu.linkonce.d.*)
 *(.rel.tdata .rel.tdata.* .rel.gnu.linkonce.td.*)
 *(.rel.tbss .rel.tbss.* .rel.gnu.linkonce.tb.*)
 *(.rel.ctors)
 *(.rel.dtors)
 *(.rel.got)
 .rel.got       0x00000000080480d4        0x0 build/main.o
 *(.rel.bss .rel.bss.* .rel.gnu.linkonce.b.*)
 *(.rel.ifunc)

.rel.plt        0x00000000080480d4        0x0
 *(.rel.plt)
                [!provide]                        PROVIDE (__rel_iplt_start = .)
 *(.rel.iplt)
 .rel.iplt      0x00000000080480d4        0x0 build/main.o
                [!provide]                        PROVIDE (__rel_iplt_end = .)
                0x0000000008049000                . = ALIGN (CONSTANT (MAXPAGESIZE))

.init
 *(SORT_NONE(.init))

.plt            0x0000000008049000        0x0
 *(.plt)
 *(.iplt)
 .iplt          0x0000000008049000        0x0 build/main.o

.plt.got
 *(.plt.got)

.plt.sec
 *(.plt.sec)

.text           0x00000000c0001500     0x4bd2
 *(.text.unlikely .text.*_unlikely .text.unlikely.*)
 *(.text.exit .text.exit.*)
 *(.text.startup .text.startup.*)
 *(.text.hot .text.hot.*)
 *(SORT_BY_NAME(.text.sorted.*))
 *(.text .stub .text.* .gnu.linkonce.t.*)
 .text          0x00000000c0001500      0x4a9 build/main.o
                0x00000000c0001500                main
                0x00000000c000155b                k_thread_a
                0x00000000c00016bf                k_thread_b
                0x00000000c0001937                u_prog_a
                0x00000000c0001970                u_prog_b
 .text.__x86.get_pc_thunk.bx
                0x00000000c00019a9        0x4 build/main.o
                0x00000000c00019a9                __x86.get_pc_thunk.bx
 .text          0x00000000c00019ad       0x56 build/init.o
                0x00000000c00019ad                init_all
 .text          0x00000000c0001a03      0x59b build/interrupt.o
                0x00000000c0001e2b                intr_enable
                0x00000000c0001e62                intr_disable
                0x00000000c0001e99                intr_set_status
                0x00000000c0001ec5                intr_get_status
                0x00000000c0001ef0                register_handler
                0x00000000c0001f1d                idt_init
 .text.__x86.get_pc_thunk.ax
                0x00000000c0001f9e        0x4 build/interrupt.o
                0x00000000c0001f9e                __x86.get_pc_thunk.ax
 .text          0x00000000c0001fa2      0x1c6 build/timer.o
                0x00000000c00020fc                timer_init
 *fill*         0x00000000c0002168        0x8 
 .text          0x00000000c0002170      0x558 build/kernel.o
                0x00000000c0002170                syscall_handler
                0x00000000c0002191                intr_exit
 *fill*         0x00000000c00026c8        0x8 
 .text          0x00000000c00026d0      0x172 build/print.o
                0x00000000c00026d0                put_str
                0x00000000c00026ee                put_char
                0x00000000c00027bb                put_int
                0x00000000c000281e                set_cursor
 .text          0x00000000c0002842       0xf8 build/debug.o
                0x00000000c0002842                panic_spin
 .text          0x00000000c000293a     0x1176 build/memory.o
                0x00000000c0002a71                pte_ptr
                0x00000000c0002aaf                pde_ptr
                0x00000000c0002c72                malloc_page
                0x00000000c0002d4f                get_kernel_pages
                0x00000000c0002dc7                get_user_pages
                0x00000000c0002e39                get_a_page
                0x00000000c0002fc7                addr_v2p
                0x00000000c0003272                mem_init
                0x00000000c000334f                arena2block
                0x00000000c0003377                block2arena
                0x00000000c000339b                sys_malloc
                0x00000000c00035bc                pfree
                0x00000000c0003653                rm_pte
                0x00000000c000368c                vaddr_free
                0x00000000c00037a3                free_page
                0x00000000c000391a                sys_free
 .text          0x00000000c0003ab0      0x29d build/bitmap.o
                0x00000000c0003ab0                bitmap_init
                0x00000000c0003ae7                bitmap_scan_test
                0x00000000c0003b35                bitmap_scan
                0x00000000c0003c81                bitmap_set
 .text          0x00000000c0003d4d      0x4d2 build/string.o
                0x00000000c0003d4d                memset
                0x00000000c0003dba                memcpy
                0x00000000c0003e35                memcmp
                0x00000000c0003ed2                strcpy
                0x00000000c0003f41                strlen
                0x00000000c0003fa2                strcmp
                0x00000000c0004035                strchr
                0x00000000c00040a7                strrchr
                0x00000000c000411f                strcat
                0x00000000c00041a3                strchrs
 .text          0x00000000c000421f      0x6f7 build/thread.o
                0x00000000c000421f                running_thread
                0x00000000c0004272                allocate_pid
                0x00000000c00042c6                thread_create
                0x00000000c000434e                init_thread
                0x00000000c0004404                thread_start
                0x00000000c00045a9                schedule
                0x00000000c00046fa                thread_block
                0x00000000c0004776                thread_unblock
                0x00000000c000489b                thread_init
 .text.__x86.get_pc_thunk.dx
                0x00000000c0004916        0x4 build/thread.o
                0x00000000c0004916                __x86.get_pc_thunk.dx
 .text          0x00000000c000491a      0x287 build/list.o
                0x00000000c000491a                list_init
                0x00000000c0004956                list_insert_before
                0x00000000c00049ae                list_push
                0x00000000c00049da                list_append
                0x00000000c0004a06                list_remove
                0x00000000c0004a53                list_pop
                0x00000000c0004a83                elem_find
                0x00000000c0004acc                list_traversal
                0x00000000c0004b37                list_len
                0x00000000c0004b7a                list_empty
 *fill*         0x00000000c0004ba1        0xf 
 .text          0x00000000c0004bb0       0x15 build/switch.o
                0x00000000c0004bb0                switch_to
 .text          0x00000000c0004bc5      0x131 build/console.o
                0x00000000c0004bc5                console_init
                0x00000000c0004bf4                console_acquire
                0x00000000c0004c23                console_release
                0x00000000c0004c52                console_put_str
                0x00000000c0004c86                console_put_char
                0x00000000c0004cc2                console_put_int
 .text          0x00000000c0004cf6      0x3a7 build/sync.o
                0x00000000c0004cf6                sema_init
                0x00000000c0004d34                lock_init
                0x00000000c0004d72                sema_down
                0x00000000c0004e92                sema_up
                0x00000000c0004f60                lock_acquire
                0x00000000c0004fea                lock_release
 .text          0x00000000c000509d      0x346 build/keyboard.o
                0x00000000c000537d                keyboard_init
 .text          0x00000000c00053e3      0x39e build/ioqueue.o
                0x00000000c00053e3                ioqueue_init
                0x00000000c0005465                ioq_full
                0x00000000c00055de                ioq_getchar
                0x00000000c00056ae                ioq_putchar
 .text          0x00000000c0005781      0x1be build/tss.o
                0x00000000c0005781                update_tss_esp
                0x00000000c000581a                tss_init
 .text          0x00000000c000593f      0x3e2 build/process.o
                0x00000000c000593f                start_process
                0x00000000c0005a57                page_dir_activate
                0x00000000c0005aa0                process_activate
                0x00000000c0005b07                create_page_dir
                0x00000000c0005b94                create_user_vaddr_bitmap
                0x00000000c0005bf1                process_execute
 .text          0x00000000c0005d21       0x50 build/syscall_user.o
                0x00000000c0005d21                get_pid
                0x00000000c0005d44                write
 .text          0x00000000c0005d71       0x85 build/syscall.o
                0x00000000c0005d71                sys_get_pid
                0x00000000c0005d96                sys_write
                0x00000000c0005dc5                syscall_init
 .text          0x00000000c0005df6      0x2dc build/stdio.o
                0x00000000c0005e8b                vsprintf
                0x00000000c000601d                sprintf
                0x00000000c000605b                printf
 *(.gnu.warning)

.fini
 *(SORT_NONE(.fini))
                [!provide]                        PROVIDE (__etext = .)
                [!provide]                        PROVIDE (_etext = .)
                [!provide]                        PROVIDE (etext = .)
                0x00000000c0007000                . = ALIGN (CONSTANT (MAXPAGESIZE))
                0x00000000c0007000                . = SEGMENT_START ("rodata-segment", (ALIGN (CONSTANT (MAXPAGESIZE)) + (. & (CONSTANT (MAXPAGESIZE) - 0x1))))

.rodata         0x00000000c0007000      0xda8
 *(.rodata .rodata.* .gnu.linkonce.r.*)
 .rodata        0x00000000c0007000       0x7c build/main.o
 .rodata        0x00000000c000707c        0xa build/init.o
 *fill*         0x00000000c0007086        0x2 
 .rodata        0x00000000c0007088      0x2cd build/interrupt.o
 *fill*         0x00000000c0007355        0x3 
 .rodata        0x00000000c0007358       0x6b build/timer.o
 .rodata        0x00000000c00073c3       0x3f build/debug.o
 *fill*         0x00000000c0007402        0x2 
 .rodata        0x00000000c0007404      0x28a build/memory.o
 *fill*         0x00000000c000768e        0x2 
 .rodata        0x00000000c0007690       0x6b build/bitmap.o
 *fill*         0x00000000c00076fb        0x1 
 .rodata        0x00000000c00076fc       0xc4 build/string.o
 .rodata        0x00000000c00077c0      0x2cb build/thread.o
 *fill*         0x00000000c0007a8b        0x1 
 .rodata        0x00000000c0007a8c      0x135 build/sync.o
 .rodata        0x00000000c0007bc1       0x36 build/keyboard.o
 *fill*         0x00000000c0007bf7        0x1 
 .rodata        0x00000000c0007bf8       0xa8 build/ioqueue.o
 .rodata        0x00000000c0007ca0       0x27 build/tss.o
 *fill*         0x00000000c0007cc7        0x1 
 .rodata        0x00000000c0007cc8       0xe0 build/process.o

.rodata1
 *(.rodata1)

.eh_frame_hdr
 *(.eh_frame_hdr)
 *(.eh_frame_entry .eh_frame_entry.*)

.eh_frame       0x00000000c0007da8     0x10a0
 *(.eh_frame)
 .eh_frame      0x00000000c0007da8       0xc4 build/main.o
 .eh_frame      0x00000000c0007e6c       0x24 build/init.o
                                         0x50 (size before relaxing)
 .eh_frame      0x00000000c0007e90      0x1b4 build/interrupt.o
                                        0x1e0 (size before relaxing)
 .eh_frame      0x00000000c0008044       0x94 build/timer.o
                                         0xd4 (size before relaxing)
 .eh_frame      0x00000000c00080d8       0x1c build/debug.o
                                         0x48 (size before relaxing)
 .eh_frame      0x00000000c00080f4      0x2c4 build/memory.o
                                        0x304 (size before relaxing)
 .eh_frame      0x00000000c00083b8       0x90 build/bitmap.o
                                         0xbc (size before relaxing)
 .eh_frame      0x00000000c0008448      0x168 build/string.o
                                        0x194 (size before relaxing)
 .eh_frame      0x00000000c00085b0      0x198 build/thread.o
                                        0x1d8 (size before relaxing)
 .eh_frame      0x00000000c0008748      0x148 build/list.o
                                        0x188 (size before relaxing)
 .eh_frame      0x00000000c0008890       0xd8 build/console.o
                                        0x118 (size before relaxing)
 .eh_frame      0x00000000c0008968       0xdc build/sync.o
                                        0x11c (size before relaxing)
 .eh_frame      0x00000000c0008a44       0x68 build/keyboard.o
                                         0xa8 (size before relaxing)
 .eh_frame      0x00000000c0008aac      0x11c build/ioqueue.o
                                        0x15c (size before relaxing)
 .eh_frame      0x00000000c0008bc8       0x6c build/tss.o
                                         0xac (size before relaxing)
 .eh_frame      0x00000000c0008c34       0xd8 build/process.o
                                        0x118 (size before relaxing)
 .eh_frame      0x00000000c0008d0c       0x44 build/syscall_user.o
                                         0x70 (size before relaxing)
 .eh_frame      0x00000000c0008d50       0x68 build/syscall.o
                                         0x94 (size before relaxing)
 .eh_frame      0x00000000c0008db8       0x90 build/stdio.o
                                         0xd0 (size before relaxing)
 *(.eh_frame.*)

.gcc_except_table
 *(.gcc_except_table .gcc_except_table.*)

.gnu_extab
 *(.gnu_extab*)

.exception_ranges
 *(.exception_ranges*)
                0x00000000c000a000                . = DATA_SEGMENT_ALIGN (CONSTANT (MAXPAGESIZE), CONSTANT (COMMONPAGESIZE))

.eh_frame
 *(.eh_frame)
 *(.eh_frame.*)

.gnu_extab
 *(.gnu_extab)

.gcc_except_table
 *(.gcc_except_table .gcc_except_table.*)

.exception_ranges
 *(.exception_ranges*)

.tdata          0x00000000c000a000        0x0
                [!provide]                        PROVIDE (__tdata_start = .)
 *(.tdata .tdata.* .gnu.linkonce.td.*)

.tbss
 *(.tbss .tbss.* .gnu.linkonce.tb.*)
 *(.tcommon)

.preinit_array  0x00000000c000a000        0x0
                [!provide]                        PROVIDE (__preinit_array_start = .)
 *(.preinit_array)
                [!provide]                        PROVIDE (__preinit_array_end = .)

.init_array     0x00000000c000a000        0x0
                [!provide]                        PROVIDE (__init_array_start = .)
 *(SORT_BY_INIT_PRIORITY(.init_array.*) SORT_BY_INIT_PRIORITY(.ctors.*))
 *(.init_array EXCLUDE_FILE(*crtend?.o *crtend.o *crtbegin?.o *crtbegin.o) .ctors)
                [!provide]                        PROVIDE (__init_array_end = .)

.fini_array     0x00000000c000a000        0x0
                [!provide]                        PROVIDE (__fini_array_start = .)
 *(SORT_BY_INIT_PRIORITY(.fini_array.*) SORT_BY_INIT_PRIORITY(.dtors.*))
 *(.fini_array EXCLUDE_FILE(*crtend?.o *crtend.o *crtbegin?.o *crtbegin.o) .dtors)
                [!provide]                        PROVIDE (__fini_array_end = .)

.ctors
 *crtbegin.o(.ctors)
 *crtbegin?.o(.ctors)
 *(EXCLUDE_FILE(*crtend?.o *crtend.o) .ctors)
 *(SORT_BY_NAME(.ctors.*))
 *(.ctors)

.dtors
 *crtbegin.o(.dtors)
 *crtbegin?.o(.dtors)
 *(EXCLUDE_FILE(*crtend?.o *crtend.o) .dtors)
 *(SORT_BY_NAME(.dtors.*))
 *(.dtors)

.jcr
 *(.jcr)

.data.rel.ro
 *(.data.rel.ro.local* .gnu.linkonce.d.rel.ro.local.*)
 *(.data.rel.ro .data.rel.ro.* .gnu.linkonce.d.rel.ro.*)

.dynamic
 *(.dynamic)

.got            0x00000000c000a000        0x0
 *(.got)
 .got           0x00000000c000a000        0x0 build/main.o
 *(.igot)
                0x00000000c000aff4                . = DATA_SEGMENT_RELRO_END (., (SIZEOF (.got.plt) >= 0xc)?0xc:0x0)

.got.plt        0x00000000c000a000        0xc
 *(.got.plt)
 .got.plt       0x00000000c000a000        0xc build/main.o
                0x00000000c000a000                _GLOBAL_OFFSET_TABLE_
 *(.igot.plt)
 .igot.plt      0x00000000c000a00c        0x0 build/main.o

.data           0x00000000c000a020      0x156
 *(.data .data.* .gnu.linkonce.d.*)
 .data          0x00000000c000a020        0x0 build/main.o
 .data          0x00000000c000a020        0x0 build/init.o
 .data          0x00000000c000a020        0x0 build/interrupt.o
 .data          0x00000000c000a020        0x0 build/timer.o
 .data          0x00000000c000a020       0xc0 build/kernel.o
                0x00000000c000a020                intr_entry_table
 .data          0x00000000c000a0e0        0x8 build/print.o
 .data          0x00000000c000a0e8        0x0 build/debug.o
 .data          0x00000000c000a0e8        0x0 build/memory.o
 .data          0x00000000c000a0e8        0x0 build/bitmap.o
 .data          0x00000000c000a0e8        0x0 build/string.o
 .data          0x00000000c000a0e8        0x0 build/thread.o
 .data          0x00000000c000a0e8        0x0 build/list.o
 .data          0x00000000c000a0e8        0x0 build/console.o
 .data          0x00000000c000a0e8        0x0 build/sync.o
 *fill*         0x00000000c000a0e8       0x18 
 .data          0x00000000c000a100       0x76 build/keyboard.o
 .data          0x00000000c000a176        0x0 build/ioqueue.o
 .data          0x00000000c000a176        0x0 build/tss.o
 .data          0x00000000c000a176        0x0 build/process.o
 .data          0x00000000c000a176        0x0 build/syscall_user.o
 .data          0x00000000c000a176        0x0 build/syscall.o
 .data          0x00000000c000a176        0x0 build/stdio.o

.data1
 *(.data1)
                0x00000000c000a176                _edata = .
                [!provide]                        PROVIDE (edata = .)
                0x00000000c000a176                . = .
                0x00000000c000a176                __bss_start = .

.bss            0x00000000c000a180      0xbac
 *(.dynbss)
 *(.bss .bss.* .gnu.linkonce.b.*)
 .bss           0x00000000c000a180        0x8 build/main.o
                0x00000000c000a180                test_var_a
                0x00000000c000a184                test_var_b
 .bss           0x00000000c000a188        0x0 build/init.o
 *fill*         0x00000000c000a188       0x18 
 .bss           0x00000000c000a1a0      0x408 build/interrupt.o
 .bss           0x00000000c000a5a8        0x0 build/timer.o
 .bss           0x00000000c000a5a8        0x0 build/debug.o
 .bss           0x00000000c000a5a8        0x0 build/memory.o
 .bss           0x00000000c000a5a8        0x0 build/bitmap.o
 .bss           0x00000000c000a5a8        0x0 build/string.o
 .bss           0x00000000c000a5a8        0x8 build/thread.o
 .bss           0x00000000c000a5b0        0x0 build/list.o
 .bss           0x00000000c000a5b0       0x1c build/console.o
 .bss           0x00000000c000a5cc        0x0 build/sync.o
 .bss           0x00000000c000a5cc       0x14 build/keyboard.o
 .bss           0x00000000c000a5e0        0x0 build/ioqueue.o
 .bss           0x00000000c000a5e0       0x6c build/tss.o
 .bss           0x00000000c000a64c        0x0 build/process.o
 .bss           0x00000000c000a64c        0x0 build/syscall_user.o
 .bss           0x00000000c000a64c        0x0 build/syscall.o
 .bss           0x00000000c000a64c        0x0 build/stdio.o
 *(COMMON)
 *fill*         0x00000000c000a64c       0x14 
 COMMON         0x00000000c000a660       0xe4 build/main.o
                0x00000000c000a660                prog_a_pid
                0x00000000c000a664                prog_b_pid
                0x00000000c000a680                desc_array
                0x00000000c000a728                pid_lock
 *fill*         0x00000000c000a744       0x1c 
 COMMON         0x00000000c000a760       0x80 build/init.o
                0x00000000c000a760                syscall_table
 COMMON         0x00000000c000a7e0      0x424 build/interrupt.o
                0x00000000c000a7e0                intr_name
                0x00000000c000aa00                idt_table
 COMMON         0x00000000c000ac04        0x4 build/timer.o
                0x00000000c000ac04                ticks
 *fill*         0x00000000c000ac08       0x18 
 COMMON         0x00000000c000ac20       0x6c build/memory.o
                0x00000000c000ac20                user_pool
                0x00000000c000ac4c                kernel_vaddr
                0x00000000c000ac60                kernel_pool
 COMMON         0x00000000c000ac8c       0x24 build/thread.o
                0x00000000c000ac8c                thread_ready_list
                0x00000000c000ac9c                thread_all_list
                0x00000000c000acac                main_thread
 *fill*         0x00000000c000acb0       0x10 
 COMMON         0x00000000c000acc0       0x6c build/keyboard.o
                0x00000000c000acc0                kbd_buf
                0x00000000c000ad2c                . = ALIGN ((. != 0x0)?0x4:0x1)
                0x00000000c000ad2c                . = ALIGN (0x4)
                0x00000000c000ad2c                . = SEGMENT_START ("ldata-segment", .)
                0x00000000c000ad2c                . = ALIGN (0x4)
                0x00000000c000ad2c                _end = .
                [!provide]                        PROVIDE (end = .)
                0x00000000c000ad2c                . = DATA_SEGMENT_END (.)

.stab
 *(.stab)

.stabstr
 *(.stabstr)

.stab.excl
 *(.stab.excl)

.stab.exclstr
 *(.stab.exclstr)

.stab.index
 *(.stab.index)

.stab.indexstr
 *(.stab.indexstr)

.comment        0x0000000000000000       0x2a
 *(.comment)
 .comment       0x0000000000000000       0x2a build/main.o
                                         0x2b (size before relaxing)
 .comment       0x000000000000002a       0x2b build/init.o
 .comment       0x000000000000002a       0x2b build/interrupt.o
 .comment       0x000000000000002a       0x2b build/timer.o
 .comment       0x000000000000002a       0x2b build/debug.o
 .comment       0x000000000000002a       0x2b build/memory.o
 .comment       0x000000000000002a       0x2b build/bitmap.o
 .comment       0x000000000000002a       0x2b build/string.o
 .comment       0x000000000000002a       0x2b build/thread.o
 .comment       0x000000000000002a       0x2b build/list.o
 .comment       0x000000000000002a       0x2b build/console.o
 .comment       0x000000000000002a       0x2b build/sync.o
 .comment       0x000000000000002a       0x2b build/keyboard.o
 .comment       0x000000000000002a       0x2b build/ioqueue.o
 .comment       0x000000000000002a       0x2b build/tss.o
 .comment       0x000000000000002a       0x2b build/process.o
 .comment       0x000000000000002a       0x2b build/syscall_user.o
 .comment       0x000000000000002a       0x2b build/syscall.o
 .comment       0x000000000000002a       0x2b build/stdio.o

.gnu.build.attributes
 *(.gnu.build.attributes .gnu.build.attributes.*)

.debug
 *(.debug)

.line
 *(.line)

.debug_srcinfo
 *(.debug_srcinfo)

.debug_sfnames
 *(.debug_sfnames)

.debug_aranges  0x0000000000000000      0x260
 *(.debug_aranges)
 .debug_aranges
                0x0000000000000000       0x20 build/main.o
 .debug_aranges
                0x0000000000000020       0x20 build/init.o
 .debug_aranges
                0x0000000000000040       0x20 build/interrupt.o
 .debug_aranges
                0x0000000000000060       0x20 build/timer.o
 .debug_aranges
                0x0000000000000080       0x20 build/debug.o
 .debug_aranges
                0x00000000000000a0       0x20 build/memory.o
 .debug_aranges
                0x00000000000000c0       0x20 build/bitmap.o
 .debug_aranges
                0x00000000000000e0       0x20 build/string.o
 .debug_aranges
                0x0000000000000100       0x20 build/thread.o
 .debug_aranges
                0x0000000000000120       0x20 build/list.o
 .debug_aranges
                0x0000000000000140       0x20 build/console.o
 .debug_aranges
                0x0000000000000160       0x20 build/sync.o
 .debug_aranges
                0x0000000000000180       0x20 build/keyboard.o
 .debug_aranges
                0x00000000000001a0       0x20 build/ioqueue.o
 .debug_aranges
                0x00000000000001c0       0x20 build/tss.o
 .debug_aranges
                0x00000000000001e0       0x20 build/process.o
 .debug_aranges
                0x0000000000000200       0x20 build/syscall_user.o
 .debug_aranges
                0x0000000000000220       0x20 build/syscall.o
 .debug_aranges
                0x0000000000000240       0x20 build/stdio.o

.debug_pubnames
 *(.debug_pubnames)

.debug_info     0x0000000000000000     0x55d2
 *(.debug_info .gnu.linkonce.wi.*)
 .debug_info    0x0000000000000000      0x538 build/main.o
 .debug_info    0x0000000000000538      0x33a build/init.o
 .debug_info    0x0000000000000872      0x3af build/interrupt.o
 .debug_info    0x0000000000000c21      0x416 build/timer.o
 .debug_info    0x0000000000001037       0xc9 build/debug.o
 .debug_info    0x0000000000001100      0xd3e build/memory.o
 .debug_info    0x0000000000001e3e      0x278 build/bitmap.o
 .debug_info    0x00000000000020b6      0x452 build/string.o
 .debug_info    0x0000000000002508      0x71a build/thread.o
 .debug_info    0x0000000000002c22      0x35a build/list.o
 .debug_info    0x0000000000002f7c      0x3c4 build/console.o
 .debug_info    0x0000000000003340      0x4d5 build/sync.o
 .debug_info    0x0000000000003815      0x511 build/keyboard.o
 .debug_info    0x0000000000003d26      0x5b4 build/ioqueue.o
 .debug_info    0x00000000000042da      0x5c8 build/tss.o
 .debug_info    0x00000000000048a2      0x612 build/process.o
 .debug_info    0x0000000000004eb4      0x10e build/syscall_user.o
 .debug_info    0x0000000000004fc2      0x39d build/syscall.o
 .debug_info    0x000000000000535f      0x273 build/stdio.o

.debug_abbrev   0x0000000000000000     0x18fc
 *(.debug_abbrev)
 .debug_abbrev  0x0000000000000000      0x160 build/main.o
 .debug_abbrev  0x0000000000000160       0xec build/init.o
 .debug_abbrev  0x000000000000024c      0x1d5 build/interrupt.o
 .debug_abbrev  0x0000000000000421      0x15e build/timer.o
 .debug_abbrev  0x000000000000057f       0x67 build/debug.o
 .debug_abbrev  0x00000000000005e6      0x266 build/memory.o
 .debug_abbrev  0x000000000000084c      0x12f build/bitmap.o
 .debug_abbrev  0x000000000000097b      0x10c build/string.o
 .debug_abbrev  0x0000000000000a87      0x1de build/thread.o
 .debug_abbrev  0x0000000000000c65      0x139 build/list.o
 .debug_abbrev  0x0000000000000d9e      0x134 build/console.o
 .debug_abbrev  0x0000000000000ed2      0x140 build/sync.o
 .debug_abbrev  0x0000000000001012      0x14b build/keyboard.o
 .debug_abbrev  0x000000000000115d      0x1b8 build/ioqueue.o
 .debug_abbrev  0x0000000000001315      0x16a build/tss.o
 .debug_abbrev  0x000000000000147f      0x15a build/process.o
 .debug_abbrev  0x00000000000015d9       0xe4 build/syscall_user.o
 .debug_abbrev  0x00000000000016bd      0x140 build/syscall.o
 .debug_abbrev  0x00000000000017fd       0xff build/stdio.o

.debug_line     0x0000000000000000     0x2079
 *(.debug_line .debug_line.* .debug_line_end)
 .debug_line    0x0000000000000000      0x1bd build/main.o
 .debug_line    0x00000000000001bd       0xb6 build/init.o
 .debug_line    0x0000000000000273      0x206 build/interrupt.o
 .debug_line    0x0000000000000479      0x120 build/timer.o
 .debug_line    0x0000000000000599       0x77 build/debug.o
 .debug_line    0x0000000000000610      0x67e build/memory.o
 .debug_line    0x0000000000000c8e      0x171 build/bitmap.o
 .debug_line    0x0000000000000dff      0x2c3 build/string.o
 .debug_line    0x00000000000010c2      0x25e build/thread.o
 .debug_line    0x0000000000001320      0x156 build/list.o
 .debug_line    0x0000000000001476       0xe3 build/console.o
 .debug_line    0x0000000000001559      0x1a8 build/sync.o
 .debug_line    0x0000000000001701      0x22e build/keyboard.o
 .debug_line    0x000000000000192f      0x1ca build/ioqueue.o
 .debug_line    0x0000000000001af9      0x11f build/tss.o
 .debug_line    0x0000000000001c18      0x1cb build/process.o
 .debug_line    0x0000000000001de3       0x7d build/syscall_user.o
 .debug_line    0x0000000000001e60       0xcb build/syscall.o
 .debug_line    0x0000000000001f2b      0x14e build/stdio.o

.debug_frame
 *(.debug_frame)

.debug_str      0x0000000000000000      0xfab
 *(.debug_str)
 .debug_str     0x0000000000000000      0x331 build/main.o
                                        0x394 (size before relaxing)
 .debug_str     0x0000000000000331       0x25 build/init.o
                                        0x312 (size before relaxing)
 .debug_str     0x0000000000000356      0x1bd build/interrupt.o
                                        0x2f9 (size before relaxing)
 .debug_str     0x0000000000000513       0x82 build/timer.o
                                        0x387 (size before relaxing)
 .debug_str     0x0000000000000595       0x32 build/debug.o
                                        0x149 (size before relaxing)
 .debug_str     0x00000000000005c7      0x261 build/memory.o
                                        0x5c0 (size before relaxing)
 .debug_str     0x0000000000000828       0x81 build/bitmap.o
                                        0x1f1 (size before relaxing)
 .debug_str     0x00000000000008a9       0x70 build/string.o
                                        0x1ae (size before relaxing)
 .debug_str     0x0000000000000919       0xf2 build/thread.o
                                        0x444 (size before relaxing)
 .debug_str     0x0000000000000a0b       0x9c build/list.o
                                        0x21e (size before relaxing)
 .debug_str     0x0000000000000aa7       0x86 build/console.o
                                        0x373 (size before relaxing)
 .debug_str     0x0000000000000b2d       0x69 build/sync.o
                                        0x387 (size before relaxing)
 .debug_str     0x0000000000000b96       0xf3 build/keyboard.o
                                        0x40a (size before relaxing)
 .debug_str     0x0000000000000c89       0x69 build/ioqueue.o
                                        0x3a3 (size before relaxing)
 .debug_str     0x0000000000000cf2       0xf0 build/tss.o
                                        0x416 (size before relaxing)
 .debug_str     0x0000000000000de2      0x10e build/process.o
                                        0x469 (size before relaxing)
 .debug_str     0x0000000000000ef0       0x1f build/syscall_user.o
                                        0x156 (size before relaxing)
 .debug_str     0x0000000000000f0f       0x34 build/syscall.o
                                        0x34a (size before relaxing)
 .debug_str     0x0000000000000f43       0x68 build/stdio.o
                                        0x1c2 (size before relaxing)

.debug_loc
 *(.debug_loc)

.debug_macinfo
 *(.debug_macinfo)

.debug_weaknames
 *(.debug_weaknames)

.debug_funcnames
 *(.debug_funcnames)

.debug_typenames
 *(.debug_typenames)

.debug_varnames
 *(.debug_varnames)

.debug_pubtypes
 *(.debug_pubtypes)

.debug_ranges   0x0000000000000000       0x30
 *(.debug_ranges)
 .debug_ranges  0x0000000000000000       0x30 build/keyboard.o

.debug_macro
 *(.debug_macro)

.debug_addr
 *(.debug_addr)

.gnu.attributes
 *(.gnu.attributes)

/DISCARD/
 *(.note.GNU-stack)
 *(.gnu_debuglink)
 *(.gnu.lto_*)
OUTPUT(build/kernel.bin elf32-i386)
